// Jest Snapshot v1, https://goo.gl/fbAQLP

exports[`Aliased v-model with modifiers: Aliased v-model with modifiers 1`] = `
"\\"use strict\\";

function _typeof(obj) { \\"@babel/helpers - typeof\\"; if (typeof Symbol === \\"function\\" && typeof Symbol.iterator === \\"symbol\\") { _typeof = function _typeof(obj) { return typeof obj; }; } else { _typeof = function _typeof(obj) { return obj && typeof Symbol === \\"function\\" && obj.constructor === Symbol && obj !== Symbol.prototype ? \\"symbol\\" : typeof obj; }; } return _typeof(obj); }

var _vue = _interopRequireWildcard(require(\\"vue\\"));

function _getRequireWildcardCache() { if (typeof WeakMap !== \\"function\\") return null; var cache = new WeakMap(); _getRequireWildcardCache = function _getRequireWildcardCache() { return cache; }; return cache; }

function _interopRequireWildcard(obj) { if (obj && obj.__esModule) { return obj; } if (obj === null || _typeof(obj) !== \\"object\\" && typeof obj !== \\"function\\") { return { \\"default\\": obj }; } var cache = _getRequireWildcardCache(); if (cache && cache.has(obj)) { return cache.get(obj); } var newObj = {}; var hasPropertyDescriptor = Object.defineProperty && Object.getOwnPropertyDescriptor; for (var key in obj) { if (Object.prototype.hasOwnProperty.call(obj, key)) { var desc = hasPropertyDescriptor ? Object.getOwnPropertyDescriptor(obj, key) : null; if (desc && (desc.get || desc.set)) { Object.defineProperty(newObj, key, desc); } else { newObj[key] = obj[key]; } } } newObj[\\"default\\"] = obj; if (cache) { cache.set(obj, newObj); } return newObj; }

_vue.h(_vue.resolveComponent(\\"A\\"), {
  \\"foo\\": val,
  \\"fooModifiers\\": {
    \\"bar\\": true
  },
  \\"onUpdate:foo\\": function onUpdateFoo($event) {
    return val = $event;
  }
}, null);"
`;

exports[`Attributes: Attributes 1`] = `
"\\"use strict\\";

function _typeof(obj) { \\"@babel/helpers - typeof\\"; if (typeof Symbol === \\"function\\" && typeof Symbol.iterator === \\"symbol\\") { _typeof = function _typeof(obj) { return typeof obj; }; } else { _typeof = function _typeof(obj) { return obj && typeof Symbol === \\"function\\" && obj.constructor === Symbol && obj !== Symbol.prototype ? \\"symbol\\" : typeof obj; }; } return _typeof(obj); }

var _vue = _interopRequireWildcard(require(\\"vue\\"));

function _getRequireWildcardCache() { if (typeof WeakMap !== \\"function\\") return null; var cache = new WeakMap(); _getRequireWildcardCache = function _getRequireWildcardCache() { return cache; }; return cache; }

function _interopRequireWildcard(obj) { if (obj && obj.__esModule) { return obj; } if (obj === null || _typeof(obj) !== \\"object\\" && typeof obj !== \\"function\\") { return { \\"default\\": obj }; } var cache = _getRequireWildcardCache(); if (cache && cache.has(obj)) { return cache.get(obj); } var newObj = {}; var hasPropertyDescriptor = Object.defineProperty && Object.getOwnPropertyDescriptor; for (var key in obj) { if (Object.prototype.hasOwnProperty.call(obj, key)) { var desc = hasPropertyDescriptor ? Object.getOwnPropertyDescriptor(obj, key) : null; if (desc && (desc.get || desc.set)) { Object.defineProperty(newObj, key, desc); } else { newObj[key] = obj[key]; } } } newObj[\\"default\\"] = obj; if (cache) { cache.set(obj, newObj); } return newObj; }

_vue.h(\\"input\\", {
  \\"type\\": \\"email\\",
  \\"placeholder\\": placeholderText
}, null);"
`;

exports[`Basic onClick: Basic onClick 1`] = `
"\\"use strict\\";

function _typeof(obj) { \\"@babel/helpers - typeof\\"; if (typeof Symbol === \\"function\\" && typeof Symbol.iterator === \\"symbol\\") { _typeof = function _typeof(obj) { return typeof obj; }; } else { _typeof = function _typeof(obj) { return obj && typeof Symbol === \\"function\\" && obj.constructor === Symbol && obj !== Symbol.prototype ? \\"symbol\\" : typeof obj; }; } return _typeof(obj); }

var _vue = _interopRequireWildcard(require(\\"vue\\"));

function _getRequireWildcardCache() { if (typeof WeakMap !== \\"function\\") return null; var cache = new WeakMap(); _getRequireWildcardCache = function _getRequireWildcardCache() { return cache; }; return cache; }

function _interopRequireWildcard(obj) { if (obj && obj.__esModule) { return obj; } if (obj === null || _typeof(obj) !== \\"object\\" && typeof obj !== \\"function\\") { return { \\"default\\": obj }; } var cache = _getRequireWildcardCache(); if (cache && cache.has(obj)) { return cache.get(obj); } var newObj = {}; var hasPropertyDescriptor = Object.defineProperty && Object.getOwnPropertyDescriptor; for (var key in obj) { if (Object.prototype.hasOwnProperty.call(obj, key)) { var desc = hasPropertyDescriptor ? Object.getOwnPropertyDescriptor(obj, key) : null; if (desc && (desc.get || desc.set)) { Object.defineProperty(newObj, key, desc); } else { newObj[key] = obj[key]; } } } newObj[\\"default\\"] = obj; if (cache) { cache.set(obj, newObj); } return newObj; }

_vue.h(\\"div\\", {
  \\"onClick\\": foo
}, [_vue.createTextVNode(\\"test\\")]);"
`;

exports[`Basic v-model: Basic v-model 1`] = `
"\\"use strict\\";

function _typeof(obj) { \\"@babel/helpers - typeof\\"; if (typeof Symbol === \\"function\\" && typeof Symbol.iterator === \\"symbol\\") { _typeof = function _typeof(obj) { return typeof obj; }; } else { _typeof = function _typeof(obj) { return obj && typeof Symbol === \\"function\\" && obj.constructor === Symbol && obj !== Symbol.prototype ? \\"symbol\\" : typeof obj; }; } return _typeof(obj); }

var _vue = _interopRequireWildcard(require(\\"vue\\"));

function _getRequireWildcardCache() { if (typeof WeakMap !== \\"function\\") return null; var cache = new WeakMap(); _getRequireWildcardCache = function _getRequireWildcardCache() { return cache; }; return cache; }

function _interopRequireWildcard(obj) { if (obj && obj.__esModule) { return obj; } if (obj === null || _typeof(obj) !== \\"object\\" && typeof obj !== \\"function\\") { return { \\"default\\": obj }; } var cache = _getRequireWildcardCache(); if (cache && cache.has(obj)) { return cache.get(obj); } var newObj = {}; var hasPropertyDescriptor = Object.defineProperty && Object.getOwnPropertyDescriptor; for (var key in obj) { if (Object.prototype.hasOwnProperty.call(obj, key)) { var desc = hasPropertyDescriptor ? Object.getOwnPropertyDescriptor(obj, key) : null; if (desc && (desc.get || desc.set)) { Object.defineProperty(newObj, key, desc); } else { newObj[key] = obj[key]; } } } newObj[\\"default\\"] = obj; if (cache) { cache.set(obj, newObj); } return newObj; }

_vue.withDirectives(_vue.h(\\"input\\", {
  \\"onUpdate:modelValue\\": function onUpdateModelValue($event) {
    return val = $event;
  }
}, null), [[_vue.vModelText, val]]);"
`;

exports[`Custom directive: Custom directive 1`] = `
"\\"use strict\\";

function _typeof(obj) { \\"@babel/helpers - typeof\\"; if (typeof Symbol === \\"function\\" && typeof Symbol.iterator === \\"symbol\\") { _typeof = function _typeof(obj) { return typeof obj; }; } else { _typeof = function _typeof(obj) { return obj && typeof Symbol === \\"function\\" && obj.constructor === Symbol && obj !== Symbol.prototype ? \\"symbol\\" : typeof obj; }; } return _typeof(obj); }

var _vue = _interopRequireWildcard(require(\\"vue\\"));

function _getRequireWildcardCache() { if (typeof WeakMap !== \\"function\\") return null; var cache = new WeakMap(); _getRequireWildcardCache = function _getRequireWildcardCache() { return cache; }; return cache; }

function _interopRequireWildcard(obj) { if (obj && obj.__esModule) { return obj; } if (obj === null || _typeof(obj) !== \\"object\\" && typeof obj !== \\"function\\") { return { \\"default\\": obj }; } var cache = _getRequireWildcardCache(); if (cache && cache.has(obj)) { return cache.get(obj); } var newObj = {}; var hasPropertyDescriptor = Object.defineProperty && Object.getOwnPropertyDescriptor; for (var key in obj) { if (Object.prototype.hasOwnProperty.call(obj, key)) { var desc = hasPropertyDescriptor ? Object.getOwnPropertyDescriptor(obj, key) : null; if (desc && (desc.get || desc.set)) { Object.defineProperty(newObj, key, desc); } else { newObj[key] = obj[key]; } } } newObj[\\"default\\"] = obj; if (cache) { cache.set(obj, newObj); } return newObj; }

_vue.withDirectives(_vue.h(\\"a\\", null, null), [[_vue.resolveDirective(\\"custom\\"), val, void 0, {
  a: true,
  b: true
}]]);"
`;

exports[`Directives: Directives 1`] = `
"\\"use strict\\";

function _typeof(obj) { \\"@babel/helpers - typeof\\"; if (typeof Symbol === \\"function\\" && typeof Symbol.iterator === \\"symbol\\") { _typeof = function _typeof(obj) { return typeof obj; }; } else { _typeof = function _typeof(obj) { return obj && typeof Symbol === \\"function\\" && obj.constructor === Symbol && obj !== Symbol.prototype ? \\"symbol\\" : typeof obj; }; } return _typeof(obj); }

var _vue = _interopRequireWildcard(require(\\"vue\\"));

function _getRequireWildcardCache() { if (typeof WeakMap !== \\"function\\") return null; var cache = new WeakMap(); _getRequireWildcardCache = function _getRequireWildcardCache() { return cache; }; return cache; }

function _interopRequireWildcard(obj) { if (obj && obj.__esModule) { return obj; } if (obj === null || _typeof(obj) !== \\"object\\" && typeof obj !== \\"function\\") { return { \\"default\\": obj }; } var cache = _getRequireWildcardCache(); if (cache && cache.has(obj)) { return cache.get(obj); } var newObj = {}; var hasPropertyDescriptor = Object.defineProperty && Object.getOwnPropertyDescriptor; for (var key in obj) { if (Object.prototype.hasOwnProperty.call(obj, key)) { var desc = hasPropertyDescriptor ? Object.getOwnPropertyDescriptor(obj, key) : null; if (desc && (desc.get || desc.set)) { Object.defineProperty(newObj, key, desc); } else { newObj[key] = obj[key]; } } } newObj[\\"default\\"] = obj; if (cache) { cache.set(obj, newObj); } return newObj; }

_vue.withDirectives(_vue.h(\\"input\\", null, null), [[_vue.vShow, (void 0).visible]]);"
`;

exports[`Dynamic binding: Dynamic binding 1`] = `
"\\"use strict\\";

function _typeof(obj) { \\"@babel/helpers - typeof\\"; if (typeof Symbol === \\"function\\" && typeof Symbol.iterator === \\"symbol\\") { _typeof = function _typeof(obj) { return typeof obj; }; } else { _typeof = function _typeof(obj) { return obj && typeof Symbol === \\"function\\" && obj.constructor === Symbol && obj !== Symbol.prototype ? \\"symbol\\" : typeof obj; }; } return _typeof(obj); }

var _vue = _interopRequireWildcard(require(\\"vue\\"));

function _getRequireWildcardCache() { if (typeof WeakMap !== \\"function\\") return null; var cache = new WeakMap(); _getRequireWildcardCache = function _getRequireWildcardCache() { return cache; }; return cache; }

function _interopRequireWildcard(obj) { if (obj && obj.__esModule) { return obj; } if (obj === null || _typeof(obj) !== \\"object\\" && typeof obj !== \\"function\\") { return { \\"default\\": obj }; } var cache = _getRequireWildcardCache(); if (cache && cache.has(obj)) { return cache.get(obj); } var newObj = {}; var hasPropertyDescriptor = Object.defineProperty && Object.getOwnPropertyDescriptor; for (var key in obj) { if (Object.prototype.hasOwnProperty.call(obj, key)) { var desc = hasPropertyDescriptor ? Object.getOwnPropertyDescriptor(obj, key) : null; if (desc && (desc.get || desc.set)) { Object.defineProperty(newObj, key, desc); } else { newObj[key] = obj[key]; } } } newObj[\\"default\\"] = obj; if (cache) { cache.set(obj, newObj); } return newObj; }

_vue.h(\\"input\\", {
  \\"type\\": \\"email\\",
  \\"placeholder\\": placeholderText
}, null);"
`;

exports[`Fragment: Fragment 1`] = `
"\\"use strict\\";

function _typeof(obj) { \\"@babel/helpers - typeof\\"; if (typeof Symbol === \\"function\\" && typeof Symbol.iterator === \\"symbol\\") { _typeof = function _typeof(obj) { return typeof obj; }; } else { _typeof = function _typeof(obj) { return obj && typeof Symbol === \\"function\\" && obj.constructor === Symbol && obj !== Symbol.prototype ? \\"symbol\\" : typeof obj; }; } return _typeof(obj); }

var _vue = _interopRequireWildcard(require(\\"vue\\"));

function _getRequireWildcardCache() { if (typeof WeakMap !== \\"function\\") return null; var cache = new WeakMap(); _getRequireWildcardCache = function _getRequireWildcardCache() { return cache; }; return cache; }

function _interopRequireWildcard(obj) { if (obj && obj.__esModule) { return obj; } if (obj === null || _typeof(obj) !== \\"object\\" && typeof obj !== \\"function\\") { return { \\"default\\": obj }; } var cache = _getRequireWildcardCache(); if (cache && cache.has(obj)) { return cache.get(obj); } var newObj = {}; var hasPropertyDescriptor = Object.defineProperty && Object.getOwnPropertyDescriptor; for (var key in obj) { if (Object.prototype.hasOwnProperty.call(obj, key)) { var desc = hasPropertyDescriptor ? Object.getOwnPropertyDescriptor(obj, key) : null; if (desc && (desc.get || desc.set)) { Object.defineProperty(newObj, key, desc); } else { newObj[key] = obj[key]; } } } newObj[\\"default\\"] = obj; if (cache) { cache.set(obj, newObj); } return newObj; }

_vue.h(_vue.Fragment, null, [_vue.h(\\"span\\", null, [_vue.createTextVNode(\\"I'm\\")]), _vue.h(\\"span\\", null, [_vue.createTextVNode(\\"Fragment\\")])]);"
`;

exports[`slot: slot 1`] = `
"\\"use strict\\";

function _typeof(obj) { \\"@babel/helpers - typeof\\"; if (typeof Symbol === \\"function\\" && typeof Symbol.iterator === \\"symbol\\") { _typeof = function _typeof(obj) { return typeof obj; }; } else { _typeof = function _typeof(obj) { return obj && typeof Symbol === \\"function\\" && obj.constructor === Symbol && obj !== Symbol.prototype ? \\"symbol\\" : typeof obj; }; } return _typeof(obj); }

var _vue = _interopRequireWildcard(require(\\"vue\\"));

function _getRequireWildcardCache() { if (typeof WeakMap !== \\"function\\") return null; var cache = new WeakMap(); _getRequireWildcardCache = function _getRequireWildcardCache() { return cache; }; return cache; }

function _interopRequireWildcard(obj) { if (obj && obj.__esModule) { return obj; } if (obj === null || _typeof(obj) !== \\"object\\" && typeof obj !== \\"function\\") { return { \\"default\\": obj }; } var cache = _getRequireWildcardCache(); if (cache && cache.has(obj)) { return cache.get(obj); } var newObj = {}; var hasPropertyDescriptor = Object.defineProperty && Object.getOwnPropertyDescriptor; for (var key in obj) { if (Object.prototype.hasOwnProperty.call(obj, key)) { var desc = hasPropertyDescriptor ? Object.getOwnPropertyDescriptor(obj, key) : null; if (desc && (desc.get || desc.set)) { Object.defineProperty(newObj, key, desc); } else { newObj[key] = obj[key]; } } } newObj[\\"default\\"] = obj; if (cache) { cache.set(obj, newObj); } return newObj; }

function ownKeys(object, enumerableOnly) { var keys = Object.keys(object); if (Object.getOwnPropertySymbols) { var symbols = Object.getOwnPropertySymbols(object); if (enumerableOnly) symbols = symbols.filter(function (sym) { return Object.getOwnPropertyDescriptor(object, sym).enumerable; }); keys.push.apply(keys, symbols); } return keys; }

function _objectSpread(target) { for (var i = 1; i < arguments.length; i++) { var source = arguments[i] != null ? arguments[i] : {}; if (i % 2) { ownKeys(Object(source), true).forEach(function (key) { _defineProperty(target, key, source[key]); }); } else if (Object.getOwnPropertyDescriptors) { Object.defineProperties(target, Object.getOwnPropertyDescriptors(source)); } else { ownKeys(Object(source)).forEach(function (key) { Object.defineProperty(target, key, Object.getOwnPropertyDescriptor(source, key)); }); } } return target; }

function _defineProperty(obj, key, value) { if (key in obj) { Object.defineProperty(obj, key, { value: value, enumerable: true, configurable: true, writable: true }); } else { obj[key] = value; } return obj; }

_vue.h(_vue.resolveComponent(\\"A\\"), null, _objectSpread({}, slots));"
`;

exports[`v-model with modifiers: v-model with modifiers 1`] = `
"\\"use strict\\";

function _typeof(obj) { \\"@babel/helpers - typeof\\"; if (typeof Symbol === \\"function\\" && typeof Symbol.iterator === \\"symbol\\") { _typeof = function _typeof(obj) { return typeof obj; }; } else { _typeof = function _typeof(obj) { return obj && typeof Symbol === \\"function\\" && obj.constructor === Symbol && obj !== Symbol.prototype ? \\"symbol\\" : typeof obj; }; } return _typeof(obj); }

var _vue = _interopRequireWildcard(require(\\"vue\\"));

function _getRequireWildcardCache() { if (typeof WeakMap !== \\"function\\") return null; var cache = new WeakMap(); _getRequireWildcardCache = function _getRequireWildcardCache() { return cache; }; return cache; }

function _interopRequireWildcard(obj) { if (obj && obj.__esModule) { return obj; } if (obj === null || _typeof(obj) !== \\"object\\" && typeof obj !== \\"function\\") { return { \\"default\\": obj }; } var cache = _getRequireWildcardCache(); if (cache && cache.has(obj)) { return cache.get(obj); } var newObj = {}; var hasPropertyDescriptor = Object.defineProperty && Object.getOwnPropertyDescriptor; for (var key in obj) { if (Object.prototype.hasOwnProperty.call(obj, key)) { var desc = hasPropertyDescriptor ? Object.getOwnPropertyDescriptor(obj, key) : null; if (desc && (desc.get || desc.set)) { Object.defineProperty(newObj, key, desc); } else { newObj[key] = obj[key]; } } } newObj[\\"default\\"] = obj; if (cache) { cache.set(obj, newObj); } return newObj; }

_vue.withDirectives(_vue.h(\\"input\\", {
  \\"onUpdate:modelValue\\": function onUpdateModelValue($event) {
    return val = $event;
  }
}, null), [[_vue.vModelText, val, void 0, {
  trim: true
}]]);"
`;
